[stdin]
SyntaxError: 'with' statements are not allowed in strict mode
   at exports.runInThisContext (vm.js:*)
   at Anonymous function ([stdin]-wrapper:*:*)
   at Module.prototype._compile (module.js:*:*)
   at Anonymous function (node.js:*:*)
   at nextTickCallbackWith0Args (node.js:*:*)
   at _tickCallback (node.js:*:*)
42
42
Error: hello
   at Global code ([stdin]:*)
   at exports.runInThisContext (vm.js:*)
   at Anonymous function ([stdin]-wrapper:*:*)
   at Module.prototype._compile (module.js:*:*)
   at Anonymous function (node.js:*:*)
   at nextTickCallbackWith0Args (node.js:*:*)
   at _tickCallback (node.js:*:*)
Error: hello
   at Global code ([stdin]:*)
   at exports.runInThisContext (vm.js:*)
   at Anonymous function ([stdin]-wrapper:*:*)
   at Module.prototype._compile (module.js:*:*)
   at Anonymous function (node.js:*:*)
   at nextTickCallbackWith0Args (node.js:*:*)
   at _tickCallback (node.js:*:*)
100
ReferenceError: Variable undefined in strict mode
   at Global code ([stdin]:*)
   at exports.runInThisContext (vm.js:*)
   at Anonymous function ([stdin]-wrapper:*:*)
   at Module.prototype._compile (module.js:*:*)
   at Anonymous function (node.js:*:*)
   at nextTickCallbackWith0Args (node.js:*:*)
   at _tickCallback (node.js:*:*)
10
10
done
